{'n_samples': 230, 'n_genes': 10002, 'accessions': [{'accession': 'GSE175866', 'status': 'ok', 'n_samples': 2, 'n_genes': 59048, 'labels': {'other_keloid_fibroblast': 1, 'CD266pos_CD9neg_fibroblast': 1}}, {'accession': 'GSE163973', 'status': 'ok_pseudobulk', 'n_source_cells': 40655, 'n_source_fibroblast_cells': 13477, 'n_pseudobulk_samples': 220, 'n_fibroblast_subcluster_samples': 62, 'n_celltype_subcluster_samples': 103, 'n_genes': 33514, 'min_cells_per_pseudobulk': 30, 'labels': {'Endothelial': 6, 'Fibroblast': 6, 'Keratinocyte': 6, 'muscle_fiber': 6, 'Endothelial_cluster_0': 6, 'Lymphatic_endothelial': 6, 'Immune_cell': 6, 'Glandular': 6, 'Endothelial_cluster_6': 6, 'Endothelial_cluster_5': 6, 'Fibroblast_cluster_3': 6, 'Fibroblast_cluster_1': 6, 'fib_cluster_6': 6, 'fib_cluster_0': 6, 'Fibroblast_cluster_7': 6, 'Fibroblast_cluster_13': 6, 'Fibroblast_cluster_14': 6, 'Glandular_cluster_15': 6, 'Immune_cell_cluster_10': 6, 'Keratinocyte_cluster_4': 6, 'Lymphatic_endothelial_cluster_11': 6, 'fib_cluster_4': 6, 'muscle_fiber_cluster_9': 6, 'muscle_fiber_cluster_2': 6, 'fib_cluster_5': 6, 'fib_cluster_1': 6, 'fib_cluster_2': 6, 'fib_cluster_3': 5, 'fib_cluster_8': 5, 'fib_cluster_9': 5, 'Keratinocyte_cluster_16': 5, 'Keratinocyte_cluster_8': 5, 'fib_cluster_10': 4, 'Keratinocyte_cluster_12': 4, 'Neural_cell_cluster_18': 3, 'Neural_cell': 3, 'fib_cluster_11': 3, 'keloid': 3, 'normal_scar': 3, 'Unknown': 2, 'fib_cluster_12': 2, 'Melanocytes': 2, 'Melanocytes_cluster_19': 2, 'fib_cluster_7': 2}, 'fibroblast_subcluster_labels': {'fib_cluster_0': 6, 'fib_cluster_1': 6, 'fib_cluster_2': 6, 'fib_cluster_4': 6, 'fib_cluster_5': 6, 'fib_cluster_6': 6, 'fib_cluster_3': 5, 'fib_cluster_8': 5, 'fib_cluster_9': 5, 'fib_cluster_10': 4, 'fib_cluster_11': 3, 'fib_cluster_12': 2, 'fib_cluster_7': 2}, 'celltype_subcluster_labels': {'Endothelial_cluster_0': 6, 'Endothelial_cluster_5': 6, 'Endothelial_cluster_6': 6, 'Fibroblast_cluster_1': 6, 'Fibroblast_cluster_3': 6, 'Fibroblast_cluster_7': 6, 'Fibroblast_cluster_13': 6, 'Fibroblast_cluster_14': 6, 'Glandular_cluster_15': 6, 'Immune_cell_cluster_10': 6, 'Keratinocyte_cluster_4': 6, 'Lymphatic_endothelial_cluster_11': 6, 'muscle_fiber_cluster_2': 6, 'muscle_fiber_cluster_9': 6, 'Keratinocyte_cluster_8': 5, 'Keratinocyte_cluster_16': 5, 'Keratinocyte_cluster_12': 4, 'Neural_cell_cluster_18': 3, 'Melanocytes_cluster_19': 2}, 'source_samples': {'KF1': 39, 'NF3': 39, 'NF2': 38, 'KF2': 37, 'KF3': 34, 'NF1': 33}, 'metadata_tables': [{'file': 'GSE163973_integrate.all.NS.all.KL.fib.main.clusters_cell.meta.data.csv.gz', 'n_cells': 12177, 'columns': ['Unnamed: 0', 'orig.ident', 'nCount_RNA', 'nFeature_RNA', 'percent.mt', 'RNA_snn_res.0.5', 'seurat_clusters', 'dataset', 'integrated_snn_res.0.4', 'integrated_snn_res.0.45', 'condition'], 'dataset_counts': {'NF1': 3455, 'NF2': 2571, 'KF3': 1999, 'KF2': 1655, 'KF1': 1599, 'NF3': 898}, 'orig.ident_counts': {'NF1': 3455, 'NF2': 2571, 'KF3': 1999, 'KF2': 1655, 'KF1': 1599, 'NF3': 898}, 'seurat_clusters_counts': {'0': 2897, '1': 2341, '2': 2269, '3': 1215, '4': 1105, '5': 867, '6': 826, '8': 395, '7': 262}}, {'file': 'GSE163973_integrate.all.NS.all.KL.fib_cell.meta.data.csv.gz', 'n_cells': 13477, 'columns': ['Unnamed: 0', 'orig.ident', 'nCount_RNA', 'nFeature_RNA', 'percent.mt', 'RNA_snn_res.0.5', 'seurat_clusters', 'dataset', 'integrated_snn_res.0.4', 'integrated_snn_res.0.45'], 'dataset_counts': {'NF1': 3601, 'NF2': 3022, 'KF3': 2105, 'KF2': 1846, 'KF1': 1811, 'NF3': 1092}, 'orig.ident_counts': {'NF1': 3601, 'NF2': 3022, 'KF3': 2105, 'KF2': 1846, 'KF1': 1811, 'NF3': 1092}, 'seurat_clusters_counts': {'0': 2897, '1': 2341, '2': 2269, '3': 1215, '4': 1105, '5': 867, '6': 826, '7': 562, '8': 395, '9': 393, '10': 240, '11': 231, '12': 136}}, {'file': 'GSE163973_integrate.all.NS.all.KL_cell.meta.data.csv.gz', 'n_cells': 40655, 'columns': ['Unnamed: 0', 'orig.ident', 'nCount_RNA', 'nFeature_RNA', 'percent.mt', 'RNA_snn_res.0.5', 'seurat_clusters', 'dataset', 'integrated_snn_res.0.5', 'integrated_snn_res.0.3', 'cellType'], 'dataset_counts': {'KF1': 7612, 'NF2': 7523, 'KF2': 7159, 'KF3': 6717, 'NF1': 6541, 'NF3': 5103}, 'orig.ident_counts': {'KF1': 7612, 'NF2': 7523, 'KF2': 7159, 'KF3': 6717, 'NF1': 6541, 'NF3': 5103}, 'cellType_counts': {'Fibroblast': 13437, 'Endothelial': 12246, 'Keratinocyte': 6096, 'muscle_fiber': 5594, 'Immune_cell': 1086, 'Lymphatic_endothelial': 978, 'Glandular': 439, 'Unknown': 359, 'Neural_cell': 242, 'Melanocytes': 178}, 'seurat_clusters_counts': {'0': 6305, '1': 5903, '2': 4253, '3': 4036, '4': 3519, '5': 3290, '6': 2651, '7': 2223, '8': 1346, '9': 1341, '10': 1086, '11': 978, '12': 850, '13': 702, '14': 573, '15': 439, '16': 381, '17': 325, '18': 242, '19': 178, '20': 34}}]}, {'accession': 'GSE181297', 'status': 'ok_pseudobulk', 'n_source_barcodes': 34837, 'n_pseudobulk_samples': 7, 'n_genes': 36591, 'labels': {'keloid': 4, 'adjacent_normal': 2, 'normal_scar': 1}, 'source_samples': {'Ke01': 1, 'Ke02': 1, 'Pt1': 1, 'Pt2': 1, 'NS02': 1, 'NSV1': 1, 'NSV2': 1}}, {'accession': 'GSE160536', 'status': 'ok_all_cells_pseudobulk', 'n_source_barcodes': 14901, 'n_pseudobulk_samples': 1, 'n_genes': 33538, 'labels': {'scleroderma': 1}, 'limitation': 'barcodes could not be assigned to the six GEO samples from uploaded files, so only pooled out-of-domain pseudobulk is emitted'}], 'skipped': [{'file': 'GSE163973_integrate.all.NS.all.KL*.Rdata.gz', 'reason': 'large Seurat/RData objects not required because matching 10x matrices were processed directly'}, {'file': 'GSE202203_RawCounts_gene_3207.tsv.gz and GSE202203_TPM_Raw_gene_3207.tsv.gz', 'reason': 'breast tumor out-of-domain dataset; not included in keloid scRNA/spatial corpus'}, {'file': 'GSE181297_RAW.tar', 'preview_entries': ['GSM5494438_Ke01_barcodes.tsv.gz', 'GSM5494438_Ke01_features.tsv.gz', 'GSM5494438_Ke01_matrix.mtx.gz', 'GSM5494439_Ke02_barcodes.tsv.gz', 'GSM5494439_Ke02_features.tsv.gz', 'GSM5494439_Ke02_matrix.mtx.gz', 'GSM5494440_Pt1_barcodes.tsv.gz', 'GSM5494440_Pt1_features.tsv.gz', 'GSM5494440_Pt1_filtered_feature_bc_matrix.h5', 'GSM5494440_Pt1_matrix.mtx.gz', 'GSM5494440_Pt1_tissue_lowres_image.png.gz', 'GSM5494441_Pt2_barcodes.tsv.gz', 'GSM5494441_Pt2_features.tsv.gz', 'GSM5494441_Pt2_filtered_feature_bc_matrix.h5', 'GSM5494441_Pt2_matrix.mtx.gz', 'GSM5494441_Pt2_tissue_lowres_image.png.gz', 'GSM5610149_NS02_barcodes.tsv.gz', 'GSM5610149_NS02_features.tsv.gz', 'GSM5610149_NS02_matrix.mtx.gz', 'GSM5772310_NSV1_barcodes.tsv.gz']}], 'outputs': {'metadata': 'data/processed/scrna_spatial/scrna_spatial_sample_metadata.parquet', 'wide': 'data/processed/scrna_spatial/scrna_spatial_expression_wide.parquet', 'matrix': 'data/processed/scrna_spatial/scrna_spatial_X.npy', 'labels': 'data/processed/scrna_spatial/scrna_spatial_encoder_labels.csv', 'gene_vocab': 'data/processed/scrna_spatial/scrna_spatial_gene_vocab.txt', 'jsonl': 'data/processed/scrna_spatial/scrna_spatial_encoder_decoder_samples.jsonl'}}
{
  "n_profiles": 434,
  "modalities": {
    "scrna_spatial": 230,
    "microarray": 154,
    "bulk_rnaseq": 50
  },
  "accessions": {
    "GSE163973": 220,
    "GSE3189": 70,
    "GSE44270": 32,
    "Sun_Burns": 25,
    "GSE7890": 19,
    "GSE145725": 19,
    "GSE158395": 13,
    "GSE188952": 12,
    "GSE90051": 7,
    "GSE92566": 7,
    "GSE181297": 7,
    "GSE175866": 2,
    "GSE160536": 1
  },
  "tasks": {
    "celltype_subcluster": 103,
    "keloid_vs_normal": 82,
    "out_of_domain_disease_state": 70,
    "fibroblast_subcluster": 62,
    "cell_type": 49,
    "lesional_status": 46,
    "scar_differential": 12,
    "keloid_normal_contrast": 7,
    "fibroblast_state": 2,
    "out_of_domain_fibrotic_state": 1
  },
  "keloid_binary": {
    "keloid": 188,
    "non_keloid": 168,
    "exclude": 78
  },
  "feature_sets": {
    "modules_only": 8,
    "shared_genes": 5000,
    "shared_genes_plus_modules": 5008
  },
  "n_splits": 103,
  "split_tasks": {
    "keloid_binary": 22,
    "cell_type": 21,
    "fibroblast_subcluster": 21,
    "celltype_subcluster": 21,
    "lesional_status": 18
  }
}
