Warning: W&B logging disabled (TypeError: the JSON object must be str, bytes or bytearray, not NoneType)
{
  "n_profiles": 267,
  "tasks": {
    "keloid_vs_normal": 82,
    "out_of_domain_disease_state": 70,
    "cell_type": 47,
    "lesional_status": 46,
    "scar_differential": 12,
    "keloid_normal_contrast": 7,
    "fibroblast_state": 2,
    "out_of_domain_fibrotic_state": 1
  },
  "keloid_binary": {
    "keloid": 106,
    "non_keloid": 83,
    "exclude": 78
  },
  "n_result_rows": 1426,
  "n_errors": 14,
  "best_by_task": {
    "cell_type": [
      {
        "task": "cell_type",
        "feature_set": "shared_genes",
        "model": "elastic_net_logreg",
        "accuracy_mean": 0.9448979591836734,
        "accuracy_std": 0.07854680206843785,
        "accuracy_count": 21,
        "weighted_f1_mean": 0.9343663391282439,
        "weighted_f1_std": 0.09227253469938541,
        "weighted_f1_count": 21,
        "balanced_accuracy_mean": 0.9427437641723356,
        "balanced_accuracy_std": 0.07958621403542623,
        "balanced_accuracy_count": 21,
        "macro_f1_mean": 0.9152557319223985,
        "macro_f1_std": 0.12053678633248764,
        "macro_f1_count": 21,
        "auroc_mean": NaN,
        "auroc_std": NaN,
        "auroc_count": 0
      },
      {
        "task": "cell_type",
        "feature_set": "shared_genes_plus_modules",
        "model": "elastic_net_logreg",
        "accuracy_mean": 0.9448979591836734,
        "accuracy_std": 0.07854680206843785,
        "accuracy_count": 21,
        "weighted_f1_mean": 0.9343663391282439,
        "weighted_f1_std": 0.09227253469938541,
        "weighted_f1_count": 21,
        "balanced_accuracy_mean": 0.9427437641723356,
        "balanced_accuracy_std": 0.07958621403542623,
        "balanced_accuracy_count": 21,
        "macro_f1_mean": 0.9152557319223985,
        "macro_f1_std": 0.12053678633248764,
        "macro_f1_count": 21,
        "auroc_mean": NaN,
        "auroc_std": NaN,
        "auroc_count": 0
      },
      {
        "task": "cell_type",
        "feature_set": "shared_genes",
        "model": "linear_svm",
        "accuracy_mean": 0.9396069538926681,
        "accuracy_std": 0.08590583562967123,
        "accuracy_count": 21,
        "weighted_f1_mean": 0.9218946837994457,
        "weighted_f1_std": 0.10958404858626498,
        "weighted_f1_count": 21,
        "balanced_accuracy_mean": 0.9374527588813303,
        "balanced_accuracy_std": 0.08671933143434889,
        "balanced_accuracy_count": 21,
        "macro_f1_mean": 0.9165154950869236,
        "macro_f1_std": 0.11715122624606002,
        "macro_f1_count": 21,
        "auroc_mean": NaN,
        "auroc_std": NaN,
        "auroc_count": 0
      },
      {
        "task": "cell_type",
        "feature_set": "shared_genes_plus_modules",
        "model": "linear_svm",
        "accuracy_mean": 0.9396069538926681,
        "accuracy_std": 0.08590583562967123,
        "accuracy_count": 21,
        "weighted_f1_mean": 0.9218946837994457,
        "weighted_f1_std": 0.10958404858626498,
        "weighted_f1_count": 21,
        "balanced_accuracy_mean": 0.9374527588813303,
        "balanced_accuracy_std": 0.08671933143434889,
        "balanced_accuracy_count": 21,
        "macro_f1_mean": 0.9165154950869236,
        "macro_f1_std": 0.11715122624606002,
        "macro_f1_count": 21,
        "auroc_mean": NaN,
        "auroc_std": NaN,
        "auroc_count": 0
      },
      {
        "task": "cell_type",
        "feature_set": "shared_genes",
        "model": "random_forest",
        "accuracy_mean": 0.9124672091058647,
        "accuracy_std": 0.10306003423425127,
        "accuracy_count": 21,
        "weighted_f1_mean": 0.8874782505594832,
        "weighted_f1_std": 0.1334574881841734,
        "weighted_f1_count": 21,
        "balanced_accuracy_mean": 0.9079554043839758,
        "balanced_accuracy_std": 0.10664792182459465,
        "balanced_accuracy_count": 21,
        "macro_f1_mean": 0.875880574452003,
        "macro_f1_std": 0.14644606538718388,
        "macro_f1_count": 21,
        "auroc_mean": NaN,
        "auroc_std": NaN,
        "auroc_count": 0
      },
      {
        "task": "cell_type",
        "feature_set": "shared_genes_plus_modules",
        "model": "random_forest",
        "accuracy_mean": 0.8956215819661197,
        "accuracy_std": 0.09367449945270323,
        "accuracy_count": 21,
        "weighted_f1_mean": 0.8658473759874321,
        "weighted_f1_std": 0.11889229611140853,
        "weighted_f1_count": 21,
        "balanced_accuracy_mean": 0.8895691609977324,
        "balanced_accuracy_std": 0.09748766346173694,
        "balanced_accuracy_count": 21,
        "macro_f1_mean": 0.8531292517006802,
        "macro_f1_std": 0.1315376417440089,
        "macro_f1_count": 21,
        "auroc_mean": NaN,
        "auroc_std": NaN,
        "auroc_count": 0
      },
      {
        "task": "cell_type",
        "feature_set": "shared_genes_plus_modules",
        "model": "small_mlp",
        "accuracy_mean": 0.8102196434129206,
        "accuracy_std": 0.08574838472777517,
        "accuracy_count": 21,
        "weighted_f1_mean": 0.758595289967839,
        "weighted_f1_std": 0.10870938847740344,
        "weighted_f1_count": 21,
        "balanced_accuracy_mean": 0.8032501889644746,
        "balanced_accuracy_std": 0.09158923317194542,
        "balanced_accuracy_count": 21,
        "macro_f1_mean": 0.7486545729402871,
        "macro_f1_std": 0.11427170031096723,
        "macro_f1_count": 21,
        "auroc_mean": NaN,
        "auroc_std": NaN,
        "auroc_count": 0
      },
      {
        "task": "cell_type",
        "feature_set": "shared_genes",
        "model": "knn",
        "accuracy_mean": 0.8028355786759148,
        "accuracy_std": 0.09298133330455981,
        "accuracy_count": 21,
        "weighted_f1_mean": 0.7373058853170897,
        "weighted_f1_std": 0.12204679884232891,
        "weighted_f1_count": 21,
        "balanced_accuracy_mean": 0.7926681783824641,
        "balanced_accuracy_std": 0.098392104463877,
        "balanced_accuracy_count": 21,
        "macro_f1_mean": 0.728169564121945,
        "macro_f1_std": 0.12569797228694168,
        "macro_f1_count": 21,
        "auroc_mean": NaN,
        "auroc_std": NaN,
        "auroc_count": 0
      },
      {
        "task": "cell_type",
        "feature_set": "shared_genes_plus_modules",
        "model": "knn",
        "accuracy_mean": 0.8028355786759148,
        "accuracy_std": 0.09298133330455981,
        "accuracy_count": 21,
        "weighted_f1_mean": 0.7373058853170897,
        "weighted_f1_std": 0.12204679884232891,
        "weighted_f1_count": 21,
        "balanced_accuracy_mean": 0.7926681783824641,
        "balanced_accuracy_std": 0.098392104463877,
        "balanced_accuracy_count": 21,
        "macro_f1_mean": 0.728169564121945,
        "macro_f1_std": 0.12569797228694168,
        "macro_f1_count": 21,
        "auroc_mean": NaN,
        "auroc_std": NaN,
        "auroc_count": 0
      },
      {
        "task": "cell_type",
        "feature_set": "modules_only",
        "model": "elastic_net_logreg",
        "accuracy_mean": 0.6603474723222622,
        "accuracy_std": 0.14806536753610983,
        "accuracy_count": 21,
        "weighted_f1_mean": 0.601092585182221,
        "weighted_f1_std": 0.16902872358789206,
        "weighted_f1_count": 21,
        "balanced_accuracy_mean": 0.6532879818594104,
        "balanced_accuracy_std": 0.1523505101896428,
        "balanced_accuracy_count": 21,
        "macro_f1_mean": 0.5537654320987654,
        "macro_f1_std": 0.17226869477862655,
        "macro_f1_count": 21,
        "auroc_mean": NaN,
        "auroc_std": NaN,
        "auroc_count": 0
      }
    ],
    "keloid_binary": [
      {
        "task": "keloid_binary",
        "feature_set": "shared_genes_plus_modules",
        "model": "elastic_net_logreg",
        "accuracy_mean": 0.6744688548053179,
        "accuracy_std": 0.16612480890348746,
        "accuracy_count": 23,
        "weighted_f1_mean": 0.6535798207439923,
        "weighted_f1_std": 0.17894960895808418,
        "weighted_f1_count": 23,
        "balanced_accuracy_mean": 0.6508183129917771,
        "balanced_accuracy_std": 0.17794479223024334,
        "balanced_accuracy_count": 23,
        "macro_f1_mean": 0.6178284527180654,
        "macro_f1_std": 0.18030395837944932,
        "macro_f1_count": 23,
        "auroc_mean": 0.6976478496191041,
        "auroc_std": 0.2139723552139741,
        "auroc_count": 23
      },
      {
        "task": "keloid_binary",
        "feature_set": "modules_only",
        "model": "linear_svm",
        "accuracy_mean": 0.6292998477603264,
        "accuracy_std": 0.12871964564984786,
        "accuracy_count": 23,
        "weighted_f1_mean": 0.6157031402055829,
        "weighted_f1_std": 0.13402974072410756,
        "weighted_f1_count": 23,
        "balanced_accuracy_mean": 0.5935744844811498,
        "balanced_accuracy_std": 0.14464790013597395,
        "balanced_accuracy_count": 23,
        "macro_f1_mean": 0.5695375778136331,
        "macro_f1_std": 0.15307210013243552,
        "macro_f1_count": 23,
        "auroc_mean": 0.6229902555728178,
        "auroc_std": 0.18209506335668685,
        "auroc_count": 23
      },
      {
        "task": "keloid_binary",
        "feature_set": "modules_only",
        "model": "elastic_net_logreg",
        "accuracy_mean": 0.6233703580363461,
        "accuracy_std": 0.1468493835222892,
        "accuracy_count": 23,
        "weighted_f1_mean": 0.6109855521452391,
        "weighted_f1_std": 0.14961851111925667,
        "weighted_f1_count": 23,
        "balanced_accuracy_mean": 0.5889735888609248,
        "balanced_accuracy_std": 0.1584750999731186,
        "balanced_accuracy_count": 23,
        "macro_f1_mean": 0.5660215537754077,
        "macro_f1_std": 0.16473338832513731,
        "macro_f1_count": 23,
        "auroc_mean": 0.6259060018197897,
        "auroc_std": 0.17862180120497584,
        "auroc_count": 23
      },
      {
        "task": "keloid_binary",
        "feature_set": "shared_genes",
        "model": "elastic_net_logreg",
        "accuracy_mean": 0.6353924141869429,
        "accuracy_std": 0.16702475556169932,
        "accuracy_count": 23,
        "weighted_f1_mean": 0.5927819217968854,
        "weighted_f1_std": 0.20251229344255828,
        "weighted_f1_count": 23,
        "balanced_accuracy_mean": 0.6217703706553458,
        "balanced_accuracy_std": 0.16136078222345732,
        "balanced_accuracy_count": 23,
        "macro_f1_mean": 0.5604563762321148,
        "macro_f1_std": 0.18329533476445636,
        "macro_f1_count": 23,
        "auroc_mean": 0.7030122302936163,
        "auroc_std": 0.20498836182777078,
        "auroc_count": 23
      },
      {
        "task": "keloid_binary",
        "feature_set": "shared_genes_plus_modules",
        "model": "hist_gradient_boosting",
        "accuracy_mean": 0.6132615881666045,
        "accuracy_std": 0.15466408368465395,
        "accuracy_count": 23,
        "weighted_f1_mean": 0.5892037975884568,
        "weighted_f1_std": 0.16862849424688012,
        "weighted_f1_count": 23,
        "balanced_accuracy_mean": 0.6034401316976276,
        "balanced_accuracy_std": 0.15753555244916004,
        "balanced_accuracy_count": 23,
        "macro_f1_mean": 0.5565399218576627,
        "macro_f1_std": 0.1657612408465197,
        "macro_f1_count": 23,
        "auroc_mean": 0.6291452882699045,
        "auroc_std": 0.17772931391780364,
        "auroc_count": 23
      },
      {
        "task": "keloid_binary",
        "feature_set": "shared_genes_plus_modules",
        "model": "small_mlp",
        "accuracy_mean": 0.5993517996468765,
        "accuracy_std": 0.13905237932874068,
        "accuracy_count": 23,
        "weighted_f1_mean": 0.5763606541292843,
        "weighted_f1_std": 0.1755087453962243,
        "weighted_f1_count": 23,
        "balanced_accuracy_mean": 0.6108785366204381,
        "balanced_accuracy_std": 0.1294022065389649,
        "balanced_accuracy_count": 23,
        "macro_f1_mean": 0.5539637634132843,
        "macro_f1_std": 0.15117476098164012,
        "macro_f1_count": 23,
        "auroc_mean": 0.6701800592132328,
        "auroc_std": 0.15232726363542828,
        "auroc_count": 23
      },
      {
        "task": "keloid_binary",
        "feature_set": "shared_genes",
        "model": "linear_svm",
        "accuracy_mean": 0.618740542567321,
        "accuracy_std": 0.16668796513570797,
        "accuracy_count": 23,
        "weighted_f1_mean": 0.568107848222178,
        "weighted_f1_std": 0.21094703067200213,
        "weighted_f1_count": 23,
        "balanced_accuracy_mean": 0.6120405109232216,
        "balanced_accuracy_std": 0.14768733524767838,
        "balanced_accuracy_count": 23,
        "macro_f1_mean": 0.5406504003810205,
        "macro_f1_std": 0.18431774518705232,
        "macro_f1_count": 23,
        "auroc_mean": 0.7129774689340249,
        "auroc_std": 0.1983995011764517,
        "auroc_count": 23
      },
      {
        "task": "keloid_binary",
        "feature_set": "modules_only",
        "model": "hist_gradient_boosting",
        "accuracy_mean": 0.5834496231924576,
        "accuracy_std": 0.14436815391417399,
        "accuracy_count": 23,
        "weighted_f1_mean": 0.5648453851438157,
        "weighted_f1_std": 0.14936305456050022,
        "weighted_f1_count": 23,
        "balanced_accuracy_mean": 0.5729303230858912,
        "balanced_accuracy_std": 0.13376765961453557,
        "balanced_accuracy_count": 23,
        "macro_f1_mean": 0.531167835355186,
        "macro_f1_std": 0.1415136079531371,
        "macro_f1_count": 23,
        "auroc_mean": 0.6027393143260061,
        "auroc_std": 0.18334725617682945,
        "auroc_count": 23
      },
      {
        "task": "keloid_binary",
        "feature_set": "modules_only",
        "model": "small_mlp",
        "accuracy_mean": 0.5845015326455658,
        "accuracy_std": 0.13896907965593838,
        "accuracy_count": 23,
        "weighted_f1_mean": 0.559818266936739,
        "weighted_f1_std": 0.15420930040780506,
        "weighted_f1_count": 23,
        "balanced_accuracy_mean": 0.5980973541822137,
        "balanced_accuracy_std": 0.11519750548229836,
        "balanced_accuracy_count": 23,
        "macro_f1_mean": 0.5375477753608217,
        "macro_f1_std": 0.1437502384510728,
        "macro_f1_count": 23,
        "auroc_mean": 0.6517742450357327,
        "auroc_std": 0.14999374329417156,
        "auroc_count": 23
      },
      {
        "task": "keloid_binary",
        "feature_set": "shared_genes_plus_modules",
        "model": "linear_svm",
        "accuracy_mean": 0.57011608356175,
        "accuracy_std": 0.17359504894857145,
        "accuracy_count": 23,
        "weighted_f1_mean": 0.5485639483769659,
        "weighted_f1_std": 0.17131411565225152,
        "weighted_f1_count": 23,
        "balanced_accuracy_mean": 0.5250479957263751,
        "balanced_accuracy_std": 0.16980934111000914,
        "balanced_accuracy_count": 23,
        "macro_f1_mean": 0.49624169692598463,
        "macro_f1_std": 0.16647156692520346,
        "macro_f1_count": 23,
        "auroc_mean": 0.5925596056805883,
        "auroc_std": 0.19607483042738044,
        "auroc_count": 23
      }
    ],
    "lesional_status": [
      {
        "task": "lesional_status",
        "feature_set": "modules_only",
        "model": "random_forest",
        "accuracy_mean": 0.7916666666666666,
        "accuracy_std": 0.30641756371985124,
        "accuracy_count": 18,
        "weighted_f1_mean": 0.7458931720836482,
        "weighted_f1_std": 0.3668843897294937,
        "weighted_f1_count": 18,
        "balanced_accuracy_mean": 0.7831384015594541,
        "balanced_accuracy_std": 0.28603368587362665,
        "balanced_accuracy_count": 18,
        "macro_f1_mean": 0.7316137566137566,
        "macro_f1_std": 0.3616948473483866,
        "macro_f1_count": 18,
        "auroc_mean": NaN,
        "auroc_std": NaN,
        "auroc_count": 0
      },
      {
        "task": "lesional_status",
        "feature_set": "shared_genes_plus_modules",
        "model": "random_forest",
        "accuracy_mean": 0.7931547619047619,
        "accuracy_std": 0.28691582161348916,
        "accuracy_count": 18,
        "weighted_f1_mean": 0.7386593256831352,
        "weighted_f1_std": 0.3501645544152514,
        "weighted_f1_count": 18,
        "balanced_accuracy_mean": 0.7646198830409356,
        "balanced_accuracy_std": 0.29329111862381807,
        "balanced_accuracy_count": 18,
        "macro_f1_mean": 0.7108281224947892,
        "macro_f1_std": 0.3615846020981909,
        "macro_f1_count": 18,
        "auroc_mean": NaN,
        "auroc_std": NaN,
        "auroc_count": 0
      },
      {
        "task": "lesional_status",
        "feature_set": "modules_only",
        "model": "small_mlp",
        "accuracy_mean": 0.7415584415584415,
        "accuracy_std": 0.21554225147925843,
        "accuracy_count": 11,
        "weighted_f1_mean": 0.7193980622552051,
        "weighted_f1_std": 0.21673892065340428,
        "weighted_f1_count": 11,
        "balanced_accuracy_mean": 0.712121212121212,
        "balanced_accuracy_std": 0.21201295939044607,
        "balanced_accuracy_count": 11,
        "macro_f1_mean": 0.6297258297258297,
        "macro_f1_std": 0.2823872345180297,
        "macro_f1_count": 11,
        "auroc_mean": NaN,
        "auroc_std": NaN,
        "auroc_count": 0
      },
      {
        "task": "lesional_status",
        "feature_set": "shared_genes_plus_modules",
        "model": "elastic_net_logreg",
        "accuracy_mean": 0.6291005291005292,
        "accuracy_std": 0.3242330764622664,
        "accuracy_count": 18,
        "weighted_f1_mean": 0.6040942302847064,
        "weighted_f1_std": 0.3705959948718451,
        "weighted_f1_count": 18,
        "balanced_accuracy_mean": 0.6195581546458739,
        "balanced_accuracy_std": 0.308824174691983,
        "balanced_accuracy_count": 18,
        "macro_f1_mean": 0.515652557319224,
        "macro_f1_std": 0.3649969262619366,
        "macro_f1_count": 18,
        "auroc_mean": NaN,
        "auroc_std": NaN,
        "auroc_count": 0
      },
      {
        "task": "lesional_status",
        "feature_set": "modules_only",
        "model": "knn",
        "accuracy_mean": 0.6852843915343915,
        "accuracy_std": 0.22322290418054133,
        "accuracy_count": 18,
        "weighted_f1_mean": 0.588046737213404,
        "weighted_f1_std": 0.28962749709073277,
        "weighted_f1_count": 18,
        "balanced_accuracy_mean": 0.6102988953866146,
        "balanced_accuracy_std": 0.27190634583838363,
        "balanced_accuracy_count": 18,
        "macro_f1_mean": 0.5316887125220459,
        "macro_f1_std": 0.3238467347002815,
        "macro_f1_count": 18,
        "auroc_mean": NaN,
        "auroc_std": NaN,
        "auroc_count": 0
      },
      {
        "task": "lesional_status",
        "feature_set": "shared_genes_plus_modules",
        "model": "knn",
        "accuracy_mean": 0.6606812169312168,
        "accuracy_std": 0.2154995453147677,
        "accuracy_count": 18,
        "weighted_f1_mean": 0.555182379349046,
        "weighted_f1_std": 0.28103884252348355,
        "weighted_f1_count": 18,
        "balanced_accuracy_mean": 0.5871507472384665,
        "balanced_accuracy_std": 0.2571169271741881,
        "balanced_accuracy_count": 18,
        "macro_f1_mean": 0.5002372935706269,
        "macro_f1_std": 0.30944162993026275,
        "macro_f1_count": 18,
        "auroc_mean": NaN,
        "auroc_std": NaN,
        "auroc_count": 0
      },
      {
        "task": "lesional_status",
        "feature_set": "modules_only",
        "model": "elastic_net_logreg",
        "accuracy_mean": 0.5747354497354498,
        "accuracy_std": 0.39938773577145953,
        "accuracy_count": 18,
        "weighted_f1_mean": 0.5383093978332073,
        "weighted_f1_std": 0.42849783706750794,
        "weighted_f1_count": 18,
        "balanced_accuracy_mean": 0.5709470435347628,
        "balanced_accuracy_std": 0.39176845718933856,
        "balanced_accuracy_count": 18,
        "macro_f1_mean": 0.5051587301587301,
        "macro_f1_std": 0.43018838121903397,
        "macro_f1_count": 18,
        "auroc_mean": NaN,
        "auroc_std": NaN,
        "auroc_count": 0
      },
      {
        "task": "lesional_status",
        "feature_set": "modules_only",
        "model": "linear_svm",
        "accuracy_mean": 0.592989417989418,
        "accuracy_std": 0.28123409915743336,
        "accuracy_count": 18,
        "weighted_f1_mean": 0.5334215167548501,
        "weighted_f1_std": 0.337906239929516,
        "weighted_f1_count": 18,
        "balanced_accuracy_mean": 0.5763482781026641,
        "balanced_accuracy_std": 0.2745496873662484,
        "balanced_accuracy_count": 18,
        "macro_f1_mean": 0.46552028218694885,
        "macro_f1_std": 0.34217327947384113,
        "macro_f1_count": 18,
        "auroc_mean": NaN,
        "auroc_std": NaN,
        "auroc_count": 0
      },
      {
        "task": "lesional_status",
        "feature_set": "shared_genes_plus_modules",
        "model": "linear_svm",
        "accuracy_mean": 0.5793650793650794,
        "accuracy_std": 0.2639770322384502,
        "accuracy_count": 18,
        "weighted_f1_mean": 0.5333794292127626,
        "weighted_f1_std": 0.32245162292460955,
        "weighted_f1_count": 18,
        "balanced_accuracy_mean": 0.5632716049382717,
        "balanced_accuracy_std": 0.25005546871128714,
        "balanced_accuracy_count": 18,
        "macro_f1_mean": 0.4361602132435466,
        "macro_f1_std": 0.316209044552894,
        "macro_f1_count": 18,
        "auroc_mean": NaN,
        "auroc_std": NaN,
        "auroc_count": 0
      },
      {
        "task": "lesional_status",
        "feature_set": "shared_genes",
        "model": "random_forest",
        "accuracy_mean": 0.4810515873015873,
        "accuracy_std": 0.3172601146411834,
        "accuracy_count": 18,
        "weighted_f1_mean": 0.4447862194874774,
        "weighted_f1_std": 0.3154899251401643,
        "weighted_f1_count": 18,
        "balanced_accuracy_mean": 0.41512345679012347,
        "balanced_accuracy_std": 0.319919683749959,
        "balanced_accuracy_count": 18,
        "macro_f1_mean": 0.36861688160430295,
        "macro_f1_std": 0.3213800738316751,
        "macro_f1_count": 18,
        "auroc_mean": NaN,
        "auroc_std": NaN,
        "auroc_count": 0
      }
    ]
  }
}
